[setup] building models (cross_attn) ...
load model from c:/Users/29421/Desktop/TissueTracking/MST-plus-plus-master/MST-plus-plus-master/predict_code/model_zoo/mst_plus_plus.pth
Using cache found in C:\Users\29421/.cache\torch\hub\pytorch_vision_main
Using cache found in C:\Users\29421/.cache\torch\hub\facebookresearch_dinov2_main
C:\Users\29421/.cache\torch\hub\facebookresearch_dinov2_main\dinov2\layers\swiglu_ffn.py:45: UserWarning: xFormers is disabled (SwiGLU)
  warnings.warn("xFormers is disabled (SwiGLU)")
C:\Users\29421/.cache\torch\hub\facebookresearch_dinov2_main\dinov2\layers\swiglu_ffn.py:51: UserWarning: xFormers is not available (SwiGLU)
  warnings.warn("xFormers is not available (SwiGLU)")
C:\Users\29421/.cache\torch\hub\facebookresearch_dinov2_main\dinov2\layers\attention.py:29: UserWarning: xFormers is disabled (Attention)
  warnings.warn("xFormers is disabled (Attention)")
C:\Users\29421/.cache\torch\hub\facebookresearch_dinov2_main\dinov2\layers\attention.py:33: UserWarning: xFormers is not available (Attention)
  warnings.warn("xFormers is not available (Attention)")
C:\Users\29421/.cache\torch\hub\facebookresearch_dinov2_main\dinov2\layers\block.py:35: UserWarning: xFormers is disabled (Block)
  warnings.warn("xFormers is disabled (Block)")
C:\Users\29421/.cache\torch\hub\facebookresearch_dinov2_main\dinov2\layers\block.py:40: UserWarning: xFormers is not available (Block)
  warnings.warn("xFormers is not available (Block)")
[setup] trainable params: 0.051 M (adapter + ¦Ã)
[SurgTPairDataset] skipped 18 clips not at (1280, 2048)
[setup] dataset: 89294 frame pairs from 50 clips
C:\Users\29421\miniforge3\Lib\site-packages\MFTIQ\RAFT\core\raft_orig.py:133: FutureWarning: `torch.cuda.amp.autocast(args...)` is deprecated. Please use `torch.amp.autocast('cuda', args...)` instead.
  with autocast(enabled=self.args.mixed_precision):
C:\Users\29421\miniforge3\Lib\site-packages\MFTIQ\RAFT\core\raft_orig.py:145: FutureWarning: `torch.cuda.amp.autocast(args...)` is deprecated. Please use `torch.amp.autocast('cuda', args...)` instead.
  with autocast(enabled=self.args.mixed_precision):
C:\Users\29421\miniforge3\Lib\site-packages\MFTIQ\RAFT\core\raft_orig.py:180: FutureWarning: `torch.cuda.amp.autocast(args...)` is deprecated. Please use `torch.amp.autocast('cuda', args...)` instead.
  with autocast(enabled=self.args.mixed_precision):
[    0/8000]  photo=0.0031  smooth=0.0228  distill=0.00000  total=0.0054  ¦Ã=1.0000  1.33s/step  ETA 177min
[   50/8000]  photo=0.0077  smooth=0.0206  distill=0.00062  total=0.0097  ¦Ã=1.0004  0.34s/step  ETA 45min
[  100/8000]  photo=0.0073  smooth=0.0135  distill=0.00125  total=0.0087  ¦Ã=1.0017  0.26s/step  ETA 34min
[  150/8000]  photo=0.0095  smooth=0.0179  distill=0.20793  total=0.0134  ¦Ã=1.0030  0.26s/step  ETA 34min
[  200/8000]  photo=0.0074  smooth=0.0133  distill=0.01625  total=0.0088  ¦Ã=1.0027  0.25s/step  ETA 33min
[  250/8000]  photo=0.0104  smooth=0.0300  distill=0.07087  total=0.0141  ¦Ã=1.0026  0.26s/step  ETA 33min
[  300/8000]  photo=0.0070  smooth=0.0145  distill=0.01259  total=0.0086  ¦Ã=1.0027  0.25s/step  ETA 33min
[  350/8000]  photo=0.0093  smooth=0.0215  distill=0.00897  total=0.0116  ¦Ã=1.0027  0.26s/step  ETA 33min
[  400/8000]  photo=0.0080  smooth=0.0165  distill=0.00332  total=0.0097  ¦Ã=1.0028  0.26s/step  ETA 33min
[  450/8000]  photo=0.0092  smooth=0.0253  distill=0.26240  total=0.0143  ¦Ã=1.0031  0.26s/step  ETA 32min
[  500/8000]  photo=0.0087  smooth=0.0181  distill=0.02304  total=0.0107  ¦Ã=1.0037  0.26s/step  ETA 32min
[  550/8000]  photo=0.0092  smooth=0.0175  distill=0.00537  total=0.0110  ¦Ã=1.0038  0.26s/step  ETA 32min
[  600/8000]  photo=0.0098  smooth=0.0271  distill=0.01285  total=0.0126  ¦Ã=1.0038  0.26s/step  ETA 32min
[  650/8000]  photo=0.0093  smooth=0.0186  distill=0.00608  total=0.0113  ¦Ã=1.0039  0.26s/step  ETA 31min
[  700/8000]  photo=0.0084  smooth=0.0156  distill=0.00480  total=0.0100  ¦Ã=1.0039  0.25s/step  ETA 31min
[  750/8000]  photo=0.0080  smooth=0.0139  distill=0.00104  total=0.0094  ¦Ã=1.0040  0.25s/step  ETA 31min
[  800/8000]  photo=0.0072  smooth=0.0143  distill=0.00147  total=0.0086  ¦Ã=1.0042  0.26s/step  ETA 31min
[  850/8000]  photo=0.0079  smooth=0.0145  distill=0.00675  total=0.0094  ¦Ã=1.0040  0.26s/step  ETA 31min
[  900/8000]  photo=0.0076  smooth=0.0147  distill=0.00312  total=0.0091  ¦Ã=1.0040  0.26s/step  ETA 31min
[  950/8000]  photo=0.0077  smooth=0.0167  distill=0.00645  total=0.0095  ¦Ã=1.0041  0.27s/step  ETA 31min
  [ckpt] saved crossAttn_step001000.pt
[ 1000/8000]  photo=0.0075  smooth=0.0118  distill=0.00187  total=0.0087  ¦Ã=1.0042  0.26s/step  ETA 30min
[ 1050/8000]  photo=0.0088  smooth=0.0193  distill=0.00655  total=0.0108  ¦Ã=1.0044  0.26s/step  ETA 30min
[ 1100/8000]  photo=0.0079  smooth=0.0148  distill=0.00400  total=0.0094  ¦Ã=1.0046  0.26s/step  ETA 30min
[ 1150/8000]  photo=0.0090  smooth=0.0226  distill=0.03445  total=0.0116  ¦Ã=1.0045  0.26s/step  ETA 29min
[ 1200/8000]  photo=0.0089  smooth=0.0205  distill=0.05342  total=0.0114  ¦Ã=1.0038  0.26s/step  ETA 29min
[ 1250/8000]  photo=0.0081  smooth=0.0177  distill=0.00613  total=0.0099  ¦Ã=1.0033  0.25s/step  ETA 29min
[ 1300/8000]  photo=0.0094  smooth=0.0286  distill=0.09881  total=0.0133  ¦Ã=1.0021  0.25s/step  ETA 28min
[ 1350/8000]  photo=0.0092  smooth=0.0174  distill=0.06128  total=0.0116  ¦Ã=1.0014  0.25s/step  ETA 28min
[ 1400/8000]  photo=0.0101  smooth=0.0254  distill=0.01392  total=0.0128  ¦Ã=1.0015  0.25s/step  ETA 28min
[ 1450/8000]  photo=0.0087  smooth=0.0179  distill=0.00824  total=0.0106  ¦Ã=1.0016  0.25s/step  ETA 28min
[ 1500/8000]  photo=0.0111  smooth=0.0203  distill=0.02912  total=0.0134  ¦Ã=1.0026  0.26s/step  ETA 28min
