[setup] building models ...
load model from c:/Users/29421/Desktop/TissueTracking/MST-plus-plus-master/MST-plus-plus-master/predict_code/model_zoo/mst_plus_plus.pth
Using cache found in C:\Users\29421/.cache\torch\hub\pytorch_vision_main
Using cache found in C:\Users\29421/.cache\torch\hub\facebookresearch_dinov2_main
C:\Users\29421/.cache\torch\hub\facebookresearch_dinov2_main\dinov2\layers\swiglu_ffn.py:45: UserWarning: xFormers is disabled (SwiGLU)
  warnings.warn("xFormers is disabled (SwiGLU)")
C:\Users\29421/.cache\torch\hub\facebookresearch_dinov2_main\dinov2\layers\swiglu_ffn.py:51: UserWarning: xFormers is not available (SwiGLU)
  warnings.warn("xFormers is not available (SwiGLU)")
C:\Users\29421/.cache\torch\hub\facebookresearch_dinov2_main\dinov2\layers\attention.py:29: UserWarning: xFormers is disabled (Attention)
  warnings.warn("xFormers is disabled (Attention)")
C:\Users\29421/.cache\torch\hub\facebookresearch_dinov2_main\dinov2\layers\attention.py:33: UserWarning: xFormers is not available (Attention)
  warnings.warn("xFormers is not available (Attention)")
C:\Users\29421/.cache\torch\hub\facebookresearch_dinov2_main\dinov2\layers\block.py:35: UserWarning: xFormers is disabled (Block)
  warnings.warn("xFormers is disabled (Block)")
C:\Users\29421/.cache\torch\hub\facebookresearch_dinov2_main\dinov2\layers\block.py:40: UserWarning: xFormers is not available (Block)
  warnings.warn("xFormers is not available (Block)")
[setup] trainable params: 0.035 M (adapter + ¦Ã)
[SurgTPairDataset] skipped 18 clips not at (1280, 2048)
[setup] dataset: 89294 frame pairs from 50 clips
C:\Users\29421\miniforge3\Lib\site-packages\MFTIQ\RAFT\core\raft_orig.py:133: FutureWarning: `torch.cuda.amp.autocast(args...)` is deprecated. Please use `torch.amp.autocast('cuda', args...)` instead.
  with autocast(enabled=self.args.mixed_precision):
C:\Users\29421\miniforge3\Lib\site-packages\MFTIQ\RAFT\core\raft_orig.py:145: FutureWarning: `torch.cuda.amp.autocast(args...)` is deprecated. Please use `torch.amp.autocast('cuda', args...)` instead.
  with autocast(enabled=self.args.mixed_precision):
C:\Users\29421\miniforge3\Lib\site-packages\MFTIQ\RAFT\core\raft_orig.py:180: FutureWarning: `torch.cuda.amp.autocast(args...)` is deprecated. Please use `torch.amp.autocast('cuda', args...)` instead.
  with autocast(enabled=self.args.mixed_precision):
[    0/8000]  photo=0.0373  smooth=0.0826  distill=0.00001  total=0.0456  ¦Ã=1.0001  1.36s/step  ETA 182min
[   50/8000]  photo=0.0118  smooth=0.0306  distill=0.00673  total=0.0149  ¦Ã=1.0012  0.37s/step  ETA 48min
[  100/8000]  photo=0.0074  smooth=0.0182  distill=0.09171  total=0.0092  ¦Ã=1.0026  0.29s/step  ETA 38min
[  150/8000]  photo=0.0084  smooth=0.0210  distill=0.06679  total=0.0105  ¦Ã=1.0046  0.28s/step  ETA 37min
[  200/8000]  photo=0.0088  smooth=0.0220  distill=0.02502  total=0.0110  ¦Ã=1.0066  0.28s/step  ETA 37min
[  250/8000]  photo=0.0072  smooth=0.0142  distill=0.00456  total=0.0086  ¦Ã=1.0071  0.28s/step  ETA 36min
[  300/8000]  photo=0.0081  smooth=0.0146  distill=0.01791  total=0.0096  ¦Ã=1.0077  0.28s/step  ETA 36min
[  350/8000]  photo=0.0085  smooth=0.0188  distill=0.02912  total=0.0104  ¦Ã=1.0095  0.28s/step  ETA 36min
[  400/8000]  photo=0.0090  smooth=0.0196  distill=73.00045  total=0.0110  ¦Ã=1.0119  0.28s/step  ETA 36min
[  450/8000]  photo=0.0078  smooth=0.0139  distill=5.72533  total=0.0092  ¦Ã=1.0122  0.28s/step  ETA 36min
[  500/8000]  photo=0.0098  smooth=0.0266  distill=0.89211  total=0.0125  ¦Ã=1.0122  0.28s/step  ETA 35min
[  550/8000]  photo=0.0081  smooth=0.0169  distill=0.11226  total=0.0098  ¦Ã=1.0122  0.29s/step  ETA 36min
[  600/8000]  photo=0.0083  smooth=0.0118  distill=0.03713  total=0.0095  ¦Ã=1.0121  0.29s/step  ETA 36min
[  650/8000]  photo=0.0089  smooth=0.0212  distill=0.07238  total=0.0110  ¦Ã=1.0121  0.29s/step  ETA 36min
[  700/8000]  photo=0.0092  smooth=0.0153  distill=0.02175  total=0.0107  ¦Ã=1.0120  0.29s/step  ETA 35min
[  750/8000]  photo=0.0080  smooth=0.0163  distill=0.09832  total=0.0096  ¦Ã=1.0120  0.29s/step  ETA 35min
[  800/8000]  photo=0.0077  smooth=0.0201  distill=0.24503  total=0.0097  ¦Ã=1.0120  0.29s/step  ETA 35min
[  850/8000]  photo=0.0085  smooth=0.0196  distill=0.55732  total=0.0105  ¦Ã=1.0120  0.29s/step  ETA 34min
[  900/8000]  photo=0.0083  smooth=0.0178  distill=0.05234  total=0.0101  ¦Ã=1.0120  0.29s/step  ETA 34min
[  950/8000]  photo=0.0106  smooth=0.0282  distill=0.10290  total=0.0135  ¦Ã=1.0120  0.29s/step  ETA 34min
  [ckpt] saved noAnchor_step001000.pt
[ 1000/8000]  photo=0.0082  smooth=0.0171  distill=0.01994  total=0.0099  ¦Ã=1.0120  0.29s/step  ETA 34min
[ 1050/8000]  photo=0.0076  smooth=0.0129  distill=0.00893  total=0.0088  ¦Ã=1.0120  0.29s/step  ETA 34min
[ 1100/8000]  photo=0.0108  smooth=0.0202  distill=0.30371  total=0.0128  ¦Ã=1.0122  0.28s/step  ETA 33min
[ 1150/8000]  photo=0.0074  smooth=0.0125  distill=0.03815  total=0.0086  ¦Ã=1.0121  0.29s/step  ETA 33min
